2026-08-04 15:08:45,284 - 
 - INFO
2026-08-04 15:08:45,284 - Harmless Debug Message - DEBUG
2026-08-04 15:08:45,285 - This is an Info Message - INFO
2026-08-04 15:08:45,285 - warning......!!! - WARNING
2026-08-04 15:08:45,285 - Devide by Zero - ERROR
2026-08-04 15:08:45,285 - Server is down!! - CRITICAL
2026-08-04 15:09:09,860 - 
 - INFO
2026-08-04 15:09:09,860 - Harmless Debug Message - DEBUG
2026-08-04 15:09:09,860 - This is an Info Message - INFO
2026-08-04 15:09:09,861 - warning......!!! - WARNING
2026-08-04 15:09:09,861 - Devide by Zero - ERROR
2026-08-04 15:09:09,861 - Server is down!! - CRITICAL
2026-08-04 15:11:29,919 - 
 - INFO
2026-08-04 15:11:29,919 - Harmless Debug Message - DEBUG
2026-08-04 15:11:29,919 - This is an Info Message - INFO
2026-08-04 15:11:29,919 - warning......!!! - WARNING
2026-08-04 15:11:29,919 - Devide by Zero - ERROR
2026-08-04 15:11:29,920 - Server is down!! - CRITICAL
